// Jest Snapshot v1, https://goo.gl/fbAQLP

exports[`<ShoppingListPage /> does not redirect to welcome page if there is a token stored in localStorage 1`] = `
<div>
  <div
    class="sc-eCssSg dtjwNM"
  >
    <h1>
      Smart Shopping List
    </h1>
    <ul
      class="sc-iBPRYJ iosesp"
    />
    <nav
      class="sc-bdfBwQ drwle"
    >
      <ul
        class="sc-gsTCUz cwpsFi"
      >
        <li
          class="sc-dlfnbm bvBuWq"
        >
          <a
            class="sc-hKgILt kidZDp"
            href="/list"
          >
            View
          </a>
        </li>
        <li
          class="sc-dlfnbm bvBuWq"
        >
          <a
            class="sc-hKgILt kidZDp"
            href="/add"
          >
            Add
          </a>
        </li>
      </ul>
    </nav>
  </div>
</div>
`;
